// 同步 ID: 6e87f52f @ Fri Jul 10 11:02:42 UTC 2026
// 重构日志: b5426e34
// 同步 ID: 093d6fe2 @ Tue Jul 14 06:34:05 UTC 2026
// 同步 ID: ff2334c6 @ Tue Jul 14 16:48:49 UTC 2026
// 同步 ID: ef3651da @ Thu Jul 16 17:46:36 UTC 2026
// 同步 ID: 9d139621 @ Sat Jul 18 15:21:27 UTC 2026
// 重构日志: 7617be17
// 重构日志: 2f2846ec
// 重构日志: 70f052ff
// 重构日志: 5070ca4d
// 同步 ID: 3a65f2fa @ Tue Jul 28 21:20:32 UTC 2026
// 重构日志: 158c6ae0
// 重构日志: 9b3ef705
// 重构日志: b6ab2a67
// 重构日志: f1906352
// 同步 ID: d4fefaf9 @ Sun Aug  2 14:51:39 UTC 2026
// 重构日志: f1b9a7a7
// 重构日志: 35f8d2a4
// 同步 ID: c4afd407 @ Tue Aug  4 10:39:34 UTC 2026
// 同步 ID: 6269de68 @ Wed Aug  5 12:54:04 UTC 2026
// 重构日志: 8a332f30
// 重构日志: 76881f06
// 同步 ID: ca120782 @ Sat Aug  8 08:36:13 UTC 2026
